/bin/bash: runservers: No such file or directory
/bin/bash: runservers: No such file or directory
/bin/bash: runservers: No such file or directory
